// Jest Snapshot v1, https://goo.gl/fbAQLP

exports[`CreateOneBuilder mysql basic queries no additional options 1`] = `"insert into \`actor\` (\`first_name\`, \`last_name\`) values (?, ?)"`;

exports[`CreateOneBuilder mysql basic queries no additional options 2`] = `
Array [
  "SUSAN",
  "ANTHONY",
]
`;

exports[`CreateOneBuilder mysql basic queries non-existent field 1`] = `"insert into \`actor\` (\`first_name\`, \`last_name\`) values (?, ?)"`;

exports[`CreateOneBuilder mysql basic queries non-existent field 2`] = `
Array [
  "SUSAN",
  "ANTHONY",
]
`;

exports[`CreateOneBuilder postgres basic queries no additional options 1`] = `"insert into \\"actor\\" (\\"first_name\\", \\"last_name\\") values (?, ?) returning \\"actor_id\\""`;

exports[`CreateOneBuilder postgres basic queries no additional options 2`] = `
Array [
  "SUSAN",
  "ANTHONY",
]
`;

exports[`CreateOneBuilder postgres basic queries non-existent field 1`] = `"insert into \\"actor\\" (\\"first_name\\", \\"last_name\\") values (?, ?) returning \\"actor_id\\""`;

exports[`CreateOneBuilder postgres basic queries non-existent field 2`] = `
Array [
  "SUSAN",
  "ANTHONY",
]
`;

exports[`CreateOneBuilder sqlite basic queries no additional options 1`] = `"insert into \`actor\` (\`first_name\`, \`last_name\`) values (?, ?)"`;

exports[`CreateOneBuilder sqlite basic queries no additional options 2`] = `
Array [
  "SUSAN",
  "ANTHONY",
]
`;

exports[`CreateOneBuilder sqlite basic queries non-existent field 1`] = `"insert into \`actor\` (\`first_name\`, \`last_name\`) values (?, ?)"`;

exports[`CreateOneBuilder sqlite basic queries non-existent field 2`] = `
Array [
  "SUSAN",
  "ANTHONY",
]
`;
