// Jest Snapshot v1, https://goo.gl/fbAQLP

exports[`CreateManyBuilder mysql basic queries no additional options 1`] = `"insert into \`actor\` (\`first_name\`, \`last_name\`) values (?, ?), (?, ?)"`;

exports[`CreateManyBuilder mysql basic queries no additional options 2`] = `
Array [
  "SUSAN",
  "ANTHONY",
  "VIRGINIA",
  "WOLF",
]
`;

exports[`CreateManyBuilder mysql basic queries non-existent field 1`] = `"insert into \`actor\` (\`first_name\`, \`last_name\`) values (?, ?), (?, ?)"`;

exports[`CreateManyBuilder mysql basic queries non-existent field 2`] = `
Array [
  "SUSAN",
  "ANTHONY",
  "VIRGINIA",
  "WOLF",
]
`;

exports[`CreateManyBuilder postgres basic queries no additional options 1`] = `"insert into \\"actor\\" (\\"first_name\\", \\"last_name\\") values (?, ?), (?, ?) returning \\"actor_id\\""`;

exports[`CreateManyBuilder postgres basic queries no additional options 2`] = `
Array [
  "SUSAN",
  "ANTHONY",
  "VIRGINIA",
  "WOLF",
]
`;

exports[`CreateManyBuilder postgres basic queries non-existent field 1`] = `"insert into \\"actor\\" (\\"first_name\\", \\"last_name\\") values (?, ?), (?, ?) returning \\"actor_id\\""`;

exports[`CreateManyBuilder postgres basic queries non-existent field 2`] = `
Array [
  "SUSAN",
  "ANTHONY",
  "VIRGINIA",
  "WOLF",
]
`;

exports[`CreateManyBuilder sqlite basic queries no additional options 1`] = `"insert into \`actor\` (\`first_name\`, \`last_name\`) select ? as \`first_name\`, ? as \`last_name\` union all select ? as \`first_name\`, ? as \`last_name\`"`;

exports[`CreateManyBuilder sqlite basic queries no additional options 2`] = `
Array [
  "SUSAN",
  "ANTHONY",
  "VIRGINIA",
  "WOLF",
]
`;

exports[`CreateManyBuilder sqlite basic queries non-existent field 1`] = `"insert into \`actor\` (\`first_name\`, \`last_name\`) select ? as \`first_name\`, ? as \`last_name\` union all select ? as \`first_name\`, ? as \`last_name\`"`;

exports[`CreateManyBuilder sqlite basic queries non-existent field 2`] = `
Array [
  "SUSAN",
  "ANTHONY",
  "VIRGINIA",
  "WOLF",
]
`;
